Archive member included to satisfy reference by file (symbol)

c:/st/stm32cubeide_1.6.0/stm32cubeide/plugins/com.st.stm32cube.ide.mcu.externaltools.gnu-tools-for-stm32.9-2020-q2-update.win32_1.5.0.202011040924/tools/bin/../lib/gcc/arm-none-eabi/9.3.1/../../../../arm-none-eabi/lib/thumb/v7-m/nofp\libc_nano.a(lib_a-exit.o)
                              c:/st/stm32cubeide_1.6.0/stm32cubeide/plugins/com.st.stm32cube.ide.mcu.externaltools.gnu-tools-for-stm32.9-2020-q2-update.win32_1.5.0.202011040924/tools/bin/../lib/gcc/arm-none-eabi/9.3.1/../../../../arm-none-eabi/lib/thumb/v7-m/nofp/crt0.o (exit)
c:/st/stm32cubeide_1.6.0/stm32cubeide/plugins/com.st.stm32cube.ide.mcu.externaltools.gnu-tools-for-stm32.9-2020-q2-update.win32_1.5.0.202011040924/tools/bin/../lib/gcc/arm-none-eabi/9.3.1/../../../../arm-none-eabi/lib/thumb/v7-m/nofp\libc_nano.a(lib_a-impure.o)
                              c:/st/stm32cubeide_1.6.0/stm32cubeide/plugins/com.st.stm32cube.ide.mcu.externaltools.gnu-tools-for-stm32.9-2020-q2-update.win32_1.5.0.202011040924/tools/bin/../lib/gcc/arm-none-eabi/9.3.1/../../../../arm-none-eabi/lib/thumb/v7-m/nofp\libc_nano.a(lib_a-exit.o) (_global_impure_ptr)
c:/st/stm32cubeide_1.6.0/stm32cubeide/plugins/com.st.stm32cube.ide.mcu.externaltools.gnu-tools-for-stm32.9-2020-q2-update.win32_1.5.0.202011040924/tools/bin/../lib/gcc/arm-none-eabi/9.3.1/../../../../arm-none-eabi/lib/thumb/v7-m/nofp\libc_nano.a(lib_a-init.o)
                              c:/st/stm32cubeide_1.6.0/stm32cubeide/plugins/com.st.stm32cube.ide.mcu.externaltools.gnu-tools-for-stm32.9-2020-q2-update.win32_1.5.0.202011040924/tools/bin/../lib/gcc/arm-none-eabi/9.3.1/../../../../arm-none-eabi/lib/thumb/v7-m/nofp/crt0.o (__libc_init_array)
c:/st/stm32cubeide_1.6.0/stm32cubeide/plugins/com.st.stm32cube.ide.mcu.externaltools.gnu-tools-for-stm32.9-2020-q2-update.win32_1.5.0.202011040924/tools/bin/../lib/gcc/arm-none-eabi/9.3.1/../../../../arm-none-eabi/lib/thumb/v7-m/nofp\libc_nano.a(lib_a-memset.o)
                              c:/st/stm32cubeide_1.6.0/stm32cubeide/plugins/com.st.stm32cube.ide.mcu.externaltools.gnu-tools-for-stm32.9-2020-q2-update.win32_1.5.0.202011040924/tools/bin/../lib/gcc/arm-none-eabi/9.3.1/../../../../arm-none-eabi/lib/thumb/v7-m/nofp/crt0.o (memset)
c:/st/stm32cubeide_1.6.0/stm32cubeide/plugins/com.st.stm32cube.ide.mcu.externaltools.gnu-tools-for-stm32.9-2020-q2-update.win32_1.5.0.202011040924/tools/bin/../lib/gcc/arm-none-eabi/9.3.1/../../../../arm-none-eabi/lib/thumb/v7-m/nofp\libnosys.a(_exit.o)
                              c:/st/stm32cubeide_1.6.0/stm32cubeide/plugins/com.st.stm32cube.ide.mcu.externaltools.gnu-tools-for-stm32.9-2020-q2-update.win32_1.5.0.202011040924/tools/bin/../lib/gcc/arm-none-eabi/9.3.1/../../../../arm-none-eabi/lib/thumb/v7-m/nofp\libc_nano.a(lib_a-exit.o) (_exit)

Discarded input sections

 .text          0x0000000000000000        0x0 c:/st/stm32cubeide_1.6.0/stm32cubeide/plugins/com.st.stm32cube.ide.mcu.externaltools.gnu-tools-for-stm32.9-2020-q2-update.win32_1.5.0.202011040924/tools/bin/../lib/gcc/arm-none-eabi/9.3.1/thumb/v7-m/nofp/crti.o
 .data          0x0000000000000000        0x0 c:/st/stm32cubeide_1.6.0/stm32cubeide/plugins/com.st.stm32cube.ide.mcu.externaltools.gnu-tools-for-stm32.9-2020-q2-update.win32_1.5.0.202011040924/tools/bin/../lib/gcc/arm-none-eabi/9.3.1/thumb/v7-m/nofp/crti.o
 .bss           0x0000000000000000        0x0 c:/st/stm32cubeide_1.6.0/stm32cubeide/plugins/com.st.stm32cube.ide.mcu.externaltools.gnu-tools-for-stm32.9-2020-q2-update.win32_1.5.0.202011040924/tools/bin/../lib/gcc/arm-none-eabi/9.3.1/thumb/v7-m/nofp/crti.o
 .data          0x0000000000000000        0x4 c:/st/stm32cubeide_1.6.0/stm32cubeide/plugins/com.st.stm32cube.ide.mcu.externaltools.gnu-tools-for-stm32.9-2020-q2-update.win32_1.5.0.202011040924/tools/bin/../lib/gcc/arm-none-eabi/9.3.1/thumb/v7-m/nofp/crtbegin.o
 .text          0x0000000000000000       0x7c c:/st/stm32cubeide_1.6.0/stm32cubeide/plugins/com.st.stm32cube.ide.mcu.externaltools.gnu-tools-for-stm32.9-2020-q2-update.win32_1.5.0.202011040924/tools/bin/../lib/gcc/arm-none-eabi/9.3.1/../../../../arm-none-eabi/lib/thumb/v7-m/nofp/crt0.o
 .data          0x0000000000000000        0x0 c:/st/stm32cubeide_1.6.0/stm32cubeide/plugins/com.st.stm32cube.ide.mcu.externaltools.gnu-tools-for-stm32.9-2020-q2-update.win32_1.5.0.202011040924/tools/bin/../lib/gcc/arm-none-eabi/9.3.1/../../../../arm-none-eabi/lib/thumb/v7-m/nofp/crt0.o
 .bss           0x0000000000000000        0x0 c:/st/stm32cubeide_1.6.0/stm32cubeide/plugins/com.st.stm32cube.ide.mcu.externaltools.gnu-tools-for-stm32.9-2020-q2-update.win32_1.5.0.202011040924/tools/bin/../lib/gcc/arm-none-eabi/9.3.1/../../../../arm-none-eabi/lib/thumb/v7-m/nofp/crt0.o
[...]
Memory Configuration

Name             Origin             Length             Attributes
RAM              0x0000000020000000 0x0000000000010000 xrw
FLASH            0x0000000008000000 0x0000000000080000 xr
*default*        0x0000000000000000 0xffffffffffffffff

Linker script and memory map

LOAD c:/st/stm32cubeide_1.6.0/stm32cubeide/plugins/com.st.stm32cube.ide.mcu.externaltools.gnu-tools-for-stm32.9-2020-q2-update.win32_1.5.0.202011040924/tools/bin/../lib/gcc/arm-none-eabi/9.3.1/thumb/v7-m/nofp/crti.o
LOAD c:/st/stm32cubeide_1.6.0/stm32cubeide/plugins/com.st.stm32cube.ide.mcu.externaltools.gnu-tools-for-stm32.9-2020-q2-update.win32_1.5.0.202011040924/tools/bin/../lib/gcc/arm-none-eabi/9.3.1/thumb/v7-m/nofp/crtbegin.o
LOAD c:/st/stm32cubeide_1.6.0/stm32cubeide/plugins/com.st.stm32cube.ide.mcu.externaltools.gnu-tools-for-stm32.9-2020-q2-update.win32_1.5.0.202011040924/tools/bin/../lib/gcc/arm-none-eabi/9.3.1/../../../../arm-none-eabi/lib/thumb/v7-m/nofp/crt0.o
LOAD Build/core_cm3.o
LOAD Build/stm32f10x_gpio.o
LOAD Build/stm32f10x_fsmc.o
LOAD Build/stm32f10x_exti.o
LOAD Build/stm32f10x_bkp.o
LOAD Build/stm32f10x_spi.o
LOAD Build/stm32f10x_adc.o
LOAD Build/stm32f10x_iwdg.o
LOAD Build/misc.o
LOAD Build/stm32f10x_cec.o
LOAD Build/stm32f10x_wwdg.o
LOAD Build/stm32f10x_tim.o
LOAD Build/stm32f10x_usart.o
LOAD Build/stm32f10x_crc.o
LOAD Build/stm32f10x_flash.o
LOAD Build/stm32f10x_rcc.o
LOAD Build/stm32f10x_sdio.o
LOAD Build/stm32f10x_i2c.o
LOAD Build/stm32f10x_pwr.o
LOAD Build/stm32f10x_rtc.o
LOAD Build/stm32f10x_can.o
LOAD Build/stm32f10x_dac.o
LOAD Build/stm32f10x_dbgmcu.o
LOAD Build/stm32f10x_dma.o
LOAD Build/system_stm32f10x.o
LOAD Build/main.o
LOAD Build/stm32f10x_it.o
LOAD Build/startup_stm32f10x_hd.o
LOAD c:/st/stm32cubeide_1.6.0/stm32cubeide/plugins/com.st.stm32cube.ide.mcu.externaltools.gnu-tools-for-stm32.9-2020-q2-update.win32_1.5.0.202011040924/tools/bin/../lib/gcc/arm-none-eabi/9.3.1/../../../../arm-none-eabi/lib/thumb/v7-m/nofp\libc_nano.a
LOAD c:/st/stm32cubeide_1.6.0/stm32cubeide/plugins/com.st.stm32cube.ide.mcu.externaltools.gnu-tools-for-stm32.9-2020-q2-update.win32_1.5.0.202011040924/tools/bin/../lib/gcc/arm-none-eabi/9.3.1/../../../../arm-none-eabi/lib/thumb/v7-m/nofp\libm.a
LOAD c:/st/stm32cubeide_1.6.0/stm32cubeide/plugins/com.st.stm32cube.ide.mcu.externaltools.gnu-tools-for-stm32.9-2020-q2-update.win32_1.5.0.202011040924/tools/bin/../lib/gcc/arm-none-eabi/9.3.1/../../../../arm-none-eabi/lib/thumb/v7-m/nofp\libnosys.a
START GROUP
LOAD c:/st/stm32cubeide_1.6.0/stm32cubeide/plugins/com.st.stm32cube.ide.mcu.externaltools.gnu-tools-for-stm32.9-2020-q2-update.win32_1.5.0.202011040924/tools/bin/../lib/gcc/arm-none-eabi/9.3.1/thumb/v7-m/nofp\libgcc.a
LOAD c:/st/stm32cubeide_1.6.0/stm32cubeide/plugins/com.st.stm32cube.ide.mcu.externaltools.gnu-tools-for-stm32.9-2020-q2-update.win32_1.5.0.202011040924/tools/bin/../lib/gcc/arm-none-eabi/9.3.1/../../../../arm-none-eabi/lib/thumb/v7-m/nofp\libc_nano.a
END GROUP
START GROUP
LOAD c:/st/stm32cubeide_1.6.0/stm32cubeide/plugins/com.st.stm32cube.ide.mcu.externaltools.gnu-tools-for-stm32.9-2020-q2-update.win32_1.5.0.202011040924/tools/bin/../lib/gcc/arm-none-eabi/9.3.1/thumb/v7-m/nofp\libgcc.a
LOAD c:/st/stm32cubeide_1.6.0/stm32cubeide/plugins/com.st.stm32cube.ide.mcu.externaltools.gnu-tools-for-stm32.9-2020-q2-update.win32_1.5.0.202011040924/tools/bin/../lib/gcc/arm-none-eabi/9.3.1/../../../../arm-none-eabi/lib/thumb/v7-m/nofp\libc_nano.a
END GROUP
LOAD c:/st/stm32cubeide_1.6.0/stm32cubeide/plugins/com.st.stm32cube.ide.mcu.externaltools.gnu-tools-for-stm32.9-2020-q2-update.win32_1.5.0.202011040924/tools/bin/../lib/gcc/arm-none-eabi/9.3.1/thumb/v7-m/nofp/crtend.o
LOAD c:/st/stm32cubeide_1.6.0/stm32cubeide/plugins/com.st.stm32cube.ide.mcu.externaltools.gnu-tools-for-stm32.9-2020-q2-update.win32_1.5.0.202011040924/tools/bin/../lib/gcc/arm-none-eabi/9.3.1/thumb/v7-m/nofp/crtn.o
                0x0000000020010000                _estack = 0x20010000
                0x0000000000000200                _Min_Heap_Size = 0x200
                0x0000000000000400                _Min_Stack_Size = 0x400

.isr_vector     0x0000000008000000      0x1e4
                0x0000000008000000                . = ALIGN (0x4)
 *(.isr_vector)
 .isr_vector    0x0000000008000000      0x1e4 Build/startup_stm32f10x_hd.o
                0x0000000008000000                g_pfnVectors
                0x00000000080001e4                . = ALIGN (0x4)

.text           0x00000000080001e4      0x1d0
                0x00000000080001e4                . = ALIGN (0x4)
 *(.text)
 .text          0x00000000080001e4       0x40 c:/st/stm32cubeide_1.6.0/stm32cubeide/plugins/com.st.stm32cube.ide.mcu.externaltools.gnu-tools-for-stm32.9-2020-q2-update.win32_1.5.0.202011040924/tools/bin/../lib/gcc/arm-none-eabi/9.3.1/thumb/v7-m/nofp/crtbegin.o
 *(.text*)
 .text.SetSysClockTo72
                0x0000000008000224       0xc4 Build/system_stm32f10x.o
 .text.SetSysClock
                0x00000000080002e8        0x8 Build/system_stm32f10x.o
 .text.SystemInit
                0x00000000080002f0       0x50 Build/system_stm32f10x.o
                0x00000000080002f0                SystemInit
 .text.main     0x0000000008000340        0x2 Build/main.o
                0x0000000008000340                main
 .text.NMI_Handler
                0x0000000008000342        0x2 Build/stm32f10x_it.o
                0x0000000008000342                NMI_Handler
 .text.HardFault_Handler
                0x0000000008000344        0x2 Build/stm32f10x_it.o
                0x0000000008000344                HardFault_Handler
 .text.MemManage_Handler
                0x0000000008000346        0x2 Build/stm32f10x_it.o
                0x0000000008000346                MemManage_Handler
 .text.BusFault_Handler
                0x0000000008000348        0x2 Build/stm32f10x_it.o
                0x0000000008000348                BusFault_Handler
 .text.UsageFault_Handler
                0x000000000800034a        0x2 Build/stm32f10x_it.o
                0x000000000800034a                UsageFault_Handler
 .text.SVC_Handler
                0x000000000800034c        0x2 Build/stm32f10x_it.o
                0x000000000800034c                SVC_Handler
 .text.DebugMon_Handler
                0x000000000800034e        0x2 Build/stm32f10x_it.o
                0x000000000800034e                DebugMon_Handler
 .text.PendSV_Handler
                0x0000000008000350        0x2 Build/stm32f10x_it.o
                0x0000000008000350                PendSV_Handler
 .text.SysTick_Handler
                0x0000000008000352        0x2 Build/stm32f10x_it.o
                0x0000000008000352                SysTick_Handler
 .text.Reset_Handler
                0x0000000008000354       0x44 Build/startup_stm32f10x_hd.o
                0x0000000008000354                Reset_Handler
 .text.Default_Handler
                0x0000000008000398        0x2 Build/startup_stm32f10x_hd.o
                0x0000000008000398                EXTI2_IRQHandler
                0x0000000008000398                TIM8_TRG_COM_IRQHandler
                0x0000000008000398                TIM8_CC_IRQHandler
                0x0000000008000398                TIM1_CC_IRQHandler
                0x0000000008000398                TIM6_IRQHandler
                0x0000000008000398                PVD_IRQHandler
                0x0000000008000398                SDIO_IRQHandler
                0x0000000008000398                EXTI3_IRQHandler
                0x0000000008000398                EXTI0_IRQHandler
                0x0000000008000398                I2C2_EV_IRQHandler
                0x0000000008000398                ADC1_2_IRQHandler
                0x0000000008000398                SPI1_IRQHandler
                0x0000000008000398                TAMPER_IRQHandler
                0x0000000008000398                TIM8_UP_IRQHandler
                0x0000000008000398                DMA2_Channel2_IRQHandler
                0x0000000008000398                DMA1_Channel4_IRQHandler
                0x0000000008000398                USART3_IRQHandler
                0x0000000008000398                RTC_IRQHandler
                0x0000000008000398                DMA1_Channel7_IRQHandler
                0x0000000008000398                CAN1_RX1_IRQHandler
                0x0000000008000398                UART5_IRQHandler
                0x0000000008000398                ADC3_IRQHandler
                0x0000000008000398                TIM4_IRQHandler
                0x0000000008000398                DMA2_Channel1_IRQHandler
                0x0000000008000398                I2C1_EV_IRQHandler
                0x0000000008000398                DMA1_Channel6_IRQHandler
                0x0000000008000398                UART4_IRQHandler
                0x0000000008000398                TIM3_IRQHandler
                0x0000000008000398                RCC_IRQHandler
                0x0000000008000398                TIM1_TRG_COM_IRQHandler
                0x0000000008000398                DMA1_Channel1_IRQHandler
                0x0000000008000398                Default_Handler
                0x0000000008000398                EXTI15_10_IRQHandler
                0x0000000008000398                TIM7_IRQHandler
                0x0000000008000398                TIM5_IRQHandler
                0x0000000008000398                EXTI9_5_IRQHandler
                0x0000000008000398                SPI2_IRQHandler
                0x0000000008000398                DMA1_Channel5_IRQHandler
                0x0000000008000398                EXTI4_IRQHandler
                0x0000000008000398                USB_LP_CAN1_RX0_IRQHandler
                0x0000000008000398                USB_HP_CAN1_TX_IRQHandler
                0x0000000008000398                DMA1_Channel3_IRQHandler
                0x0000000008000398                FSMC_IRQHandler
                0x0000000008000398                TIM1_UP_IRQHandler
                0x0000000008000398                WWDG_IRQHandler
                0x0000000008000398                TIM2_IRQHandler
                0x0000000008000398                TIM1_BRK_IRQHandler
                0x0000000008000398                EXTI1_IRQHandler
                0x0000000008000398                RTCAlarm_IRQHandler
                0x0000000008000398                DMA2_Channel4_5_IRQHandler
                0x0000000008000398                USART2_IRQHandler
                0x0000000008000398                I2C2_ER_IRQHandler
                0x0000000008000398                DMA1_Channel2_IRQHandler
                0x0000000008000398                TIM8_BRK_IRQHandler
                0x0000000008000398                CAN1_SCE_IRQHandler
                0x0000000008000398                FLASH_IRQHandler
                0x0000000008000398                USART1_IRQHandler
                0x0000000008000398                SPI3_IRQHandler
                0x0000000008000398                I2C1_ER_IRQHandler
                0x0000000008000398                USBWakeUp_IRQHandler
                0x0000000008000398                DMA2_Channel3_IRQHandler
 *(.glue_7)
 .glue_7        0x000000000800039a        0x0 linker stubs
 *(.glue_7t)
 .glue_7t       0x000000000800039a        0x0 linker stubs
 *(.eh_frame)
 *fill*         0x000000000800039a        0x2 
 .eh_frame      0x000000000800039c        0x0 c:/st/stm32cubeide_1.6.0/stm32cubeide/plugins/com.st.stm32cube.ide.mcu.externaltools.gnu-tools-for-stm32.9-2020-q2-update.win32_1.5.0.202011040924/tools/bin/../lib/gcc/arm-none-eabi/9.3.1/thumb/v7-m/nofp/crtbegin.o
 *(.init)
 .init          0x000000000800039c        0x4 c:/st/stm32cubeide_1.6.0/stm32cubeide/plugins/com.st.stm32cube.ide.mcu.externaltools.gnu-tools-for-stm32.9-2020-q2-update.win32_1.5.0.202011040924/tools/bin/../lib/gcc/arm-none-eabi/9.3.1/thumb/v7-m/nofp/crti.o
                0x000000000800039c                _init
 .init          0x00000000080003a0        0x8 c:/st/stm32cubeide_1.6.0/stm32cubeide/plugins/com.st.stm32cube.ide.mcu.externaltools.gnu-tools-for-stm32.9-2020-q2-update.win32_1.5.0.202011040924/tools/bin/../lib/gcc/arm-none-eabi/9.3.1/thumb/v7-m/nofp/crtn.o
 *(.fini)
 .fini          0x00000000080003a8        0x4 c:/st/stm32cubeide_1.6.0/stm32cubeide/plugins/com.st.stm32cube.ide.mcu.externaltools.gnu-tools-for-stm32.9-2020-q2-update.win32_1.5.0.202011040924/tools/bin/../lib/gcc/arm-none-eabi/9.3.1/thumb/v7-m/nofp/crti.o
                0x00000000080003a8                _fini
 .fini          0x00000000080003ac        0x8 c:/st/stm32cubeide_1.6.0/stm32cubeide/plugins/com.st.stm32cube.ide.mcu.externaltools.gnu-tools-for-stm32.9-2020-q2-update.win32_1.5.0.202011040924/tools/bin/../lib/gcc/arm-none-eabi/9.3.1/thumb/v7-m/nofp/crtn.o
                0x00000000080003b4                . = ALIGN (0x4)
                0x00000000080003b4                _etext = .

.vfp11_veneer   0x00000000080003b4        0x0
 .vfp11_veneer  0x00000000080003b4        0x0 linker stubs

.v4_bx          0x00000000080003b4        0x0
 .v4_bx         0x00000000080003b4        0x0 linker stubs

.iplt           0x00000000080003b4        0x0
 .iplt          0x00000000080003b4        0x0 c:/st/stm32cubeide_1.6.0/stm32cubeide/plugins/com.st.stm32cube.ide.mcu.externaltools.gnu-tools-for-stm32.9-2020-q2-update.win32_1.5.0.202011040924/tools/bin/../lib/gcc/arm-none-eabi/9.3.1/thumb/v7-m/nofp/crtbegin.o

.rel.dyn        0x00000000080003b4        0x0
 .rel.iplt      0x00000000080003b4        0x0 c:/st/stm32cubeide_1.6.0/stm32cubeide/plugins/com.st.stm32cube.ide.mcu.externaltools.gnu-tools-for-stm32.9-2020-q2-update.win32_1.5.0.202011040924/tools/bin/../lib/gcc/arm-none-eabi/9.3.1/thumb/v7-m/nofp/crtbegin.o

.rodata         0x00000000080003b4        0x0
                0x00000000080003b4                . = ALIGN (0x4)
 *(.rodata)
 *(.rodata*)
                0x00000000080003b4                . = ALIGN (0x4)

.ARM.extab
 *(.ARM.extab* .gnu.linkonce.armextab.*)

.ARM            0x00000000080003b4        0x0
                0x00000000080003b4                __exidx_start = .
 *(.ARM.exidx*)
                0x00000000080003b4                __exidx_end = .

.preinit_array  0x00000000080003b4        0x0
                0x00000000080003b4                PROVIDE (__preinit_array_start = .)
 *(.preinit_array*)
                0x00000000080003b4                PROVIDE (__preinit_array_end = .)

.init_array     0x00000000080003b4        0x4
                0x00000000080003b4                PROVIDE (__init_array_start = .)
 *(SORT_BY_NAME(.init_array.*))
 *(.init_array*)
 .init_array    0x00000000080003b4        0x4 c:/st/stm32cubeide_1.6.0/stm32cubeide/plugins/com.st.stm32cube.ide.mcu.externaltools.gnu-tools-for-stm32.9-2020-q2-update.win32_1.5.0.202011040924/tools/bin/../lib/gcc/arm-none-eabi/9.3.1/thumb/v7-m/nofp/crtbegin.o
                0x00000000080003b8                PROVIDE (__init_array_end = .)

.fini_array     0x00000000080003b8        0x4
                [!provide]                        PROVIDE (__fini_array_start = .)
 *(SORT_BY_NAME(.fini_array.*))
 *(.fini_array*)
 .fini_array    0x00000000080003b8        0x4 c:/st/stm32cubeide_1.6.0/stm32cubeide/plugins/com.st.stm32cube.ide.mcu.externaltools.gnu-tools-for-stm32.9-2020-q2-update.win32_1.5.0.202011040924/tools/bin/../lib/gcc/arm-none-eabi/9.3.1/thumb/v7-m/nofp/crtbegin.o
                [!provide]                        PROVIDE (__fini_array_end = .)
                0x00000000080003bc                _sidata = LOADADDR (.data)

.data           0x0000000020000000        0x0 load address 0x00000000080003bc
                0x0000000020000000                . = ALIGN (0x4)
                0x0000000020000000                _sdata = .
 *(.data)
 *(.data*)
                0x0000000020000000                . = ALIGN (0x4)
                0x0000000020000000                _edata = .

.igot.plt       0x0000000020000000        0x0 load address 0x00000000080003bc
 .igot.plt      0x0000000020000000        0x0 c:/st/stm32cubeide_1.6.0/stm32cubeide/plugins/com.st.stm32cube.ide.mcu.externaltools.gnu-tools-for-stm32.9-2020-q2-update.win32_1.5.0.202011040924/tools/bin/../lib/gcc/arm-none-eabi/9.3.1/thumb/v7-m/nofp/crtbegin.o
                0x0000000020000000                . = ALIGN (0x4)

.bss            0x0000000020000000       0x1c load address 0x00000000080003bc
                0x0000000020000000                _sbss = .
                0x0000000020000000                __bss_start__ = _sbss
 *(.bss)
 .bss           0x0000000020000000       0x1c c:/st/stm32cubeide_1.6.0/stm32cubeide/plugins/com.st.stm32cube.ide.mcu.externaltools.gnu-tools-for-stm32.9-2020-q2-update.win32_1.5.0.202011040924/tools/bin/../lib/gcc/arm-none-eabi/9.3.1/thumb/v7-m/nofp/crtbegin.o
 *(.bss*)
 *(COMMON)
                0x000000002000001c                . = ALIGN (0x4)
                0x000000002000001c                _ebss = .
                0x000000002000001c                __bss_end__ = _ebss

._user_heap_stack
                0x000000002000001c      0x604 load address 0x00000000080003bc
                0x0000000020000020                . = ALIGN (0x8)
 *fill*         0x000000002000001c        0x4 
                [!provide]                        PROVIDE (end = .)
                [!provide]                        PROVIDE (_end = .)
                0x0000000020000220                . = (. + _Min_Heap_Size)
 *fill*         0x0000000020000020      0x200 
                0x0000000020000620                . = (. + _Min_Stack_Size)
 *fill*         0x0000000020000220      0x400 
                0x0000000020000620                . = ALIGN (0x8)

/DISCARD/
 libc.a(*)
 libm.a(*)
 libgcc.a(*)

.ARM.attributes
                0x0000000000000000       0x29
 *(.ARM.attributes)
 .ARM.attributes
                0x0000000000000000       0x1d c:/st/stm32cubeide_1.6.0/stm32cubeide/plugins/com.st.stm32cube.ide.mcu.externaltools.gnu-tools-for-stm32.9-2020-q2-update.win32_1.5.0.202011040924/tools/bin/../lib/gcc/arm-none-eabi/9.3.1/thumb/v7-m/nofp/crti.o
 .ARM.attributes
                0x000000000000001d       0x2d c:/st/stm32cubeide_1.6.0/stm32cubeide/plugins/com.st.stm32cube.ide.mcu.externaltools.gnu-tools-for-stm32.9-2020-q2-update.win32_1.5.0.202011040924/tools/bin/../lib/gcc/arm-none-eabi/9.3.1/thumb/v7-m/nofp/crtbegin.o
 .ARM.attributes
                0x000000000000004a       0x2d Build/system_stm32f10x.o
 .ARM.attributes
                0x0000000000000077       0x2d Build/main.o
 .ARM.attributes
                0x00000000000000a4       0x2d Build/stm32f10x_it.o
 .ARM.attributes
                0x00000000000000d1       0x21 Build/startup_stm32f10x_hd.o
 .ARM.attributes
                0x00000000000000f2       0x1d c:/st/stm32cubeide_1.6.0/stm32cubeide/plugins/com.st.stm32cube.ide.mcu.externaltools.gnu-tools-for-stm32.9-2020-q2-update.win32_1.5.0.202011040924/tools/bin/../lib/gcc/arm-none-eabi/9.3.1/thumb/v7-m/nofp/crtn.o
OUTPUT(Build/Demo.elf elf32-littlearm)
LOAD linker stubs
LOAD c:/st/stm32cubeide_1.6.0/stm32cubeide/plugins/com.st.stm32cube.ide.mcu.externaltools.gnu-tools-for-stm32.9-2020-q2-update.win32_1.5.0.202011040924/tools/bin/../lib/gcc/arm-none-eabi/9.3.1/../../../../arm-none-eabi/lib/thumb/v7-m/nofp\libc.a
LOAD c:/st/stm32cubeide_1.6.0/stm32cubeide/plugins/com.st.stm32cube.ide.mcu.externaltools.gnu-tools-for-stm32.9-2020-q2-update.win32_1.5.0.202011040924/tools/bin/../lib/gcc/arm-none-eabi/9.3.1/../../../../arm-none-eabi/lib/thumb/v7-m/nofp\libm.a
LOAD c:/st/stm32cubeide_1.6.0/stm32cubeide/plugins/com.st.stm32cube.ide.mcu.externaltools.gnu-tools-for-stm32.9-2020-q2-update.win32_1.5.0.202011040924/tools/bin/../lib/gcc/arm-none-eabi/9.3.1/thumb/v7-m/nofp\libgcc.a

.debug_info     0x0000000000000000      0x76a
 .debug_info    0x0000000000000000      0x514 Build/system_stm32f10x.o
 .debug_info    0x0000000000000514       0xc4 Build/main.o
 .debug_info    0x00000000000005d8      0x170 Build/stm32f10x_it.o
 .debug_info    0x0000000000000748       0x22 Build/startup_stm32f10x_hd.o

.debug_abbrev   0x0000000000000000      0x2e5
 .debug_abbrev  0x0000000000000000      0x1cd Build/system_stm32f10x.o
 .debug_abbrev  0x00000000000001cd       0x84 Build/main.o
 .debug_abbrev  0x0000000000000251       0x82 Build/stm32f10x_it.o
 .debug_abbrev  0x00000000000002d3       0x12 Build/startup_stm32f10x_hd.o

.debug_loc      0x0000000000000000      0x177
 .debug_loc     0x0000000000000000      0x177 Build/system_stm32f10x.o

.debug_aranges  0x0000000000000000       0xe0
 .debug_aranges
                0x0000000000000000       0x38 Build/system_stm32f10x.o
 .debug_aranges
                0x0000000000000038       0x20 Build/main.o
 .debug_aranges
                0x0000000000000058       0x60 Build/stm32f10x_it.o
 .debug_aranges
                0x00000000000000b8       0x28 Build/startup_stm32f10x_hd.o

.debug_ranges   0x0000000000000000       0xa8
 .debug_ranges  0x0000000000000000       0x28 Build/system_stm32f10x.o
 .debug_ranges  0x0000000000000028       0x10 Build/main.o
 .debug_ranges  0x0000000000000038       0x50 Build/stm32f10x_it.o
 .debug_ranges  0x0000000000000088       0x20 Build/startup_stm32f10x_hd.o

.debug_line     0x0000000000000000      0xa4f
 .debug_line    0x0000000000000000      0x4aa Build/system_stm32f10x.o
 .debug_line    0x00000000000004aa      0x21d Build/main.o
 .debug_line    0x00000000000006c7      0x2f4 Build/stm32f10x_it.o
 .debug_line    0x00000000000009bb       0x94 Build/startup_stm32f10x_hd.o

.debug_str      0x0000000000000000      0x37f
 .debug_str     0x0000000000000000      0x283 Build/system_stm32f10x.o
                                        0x2d6 (size before relaxing)
 .debug_str     0x0000000000000283       0x11 Build/main.o
                                        0x177 (size before relaxing)
 .debug_str     0x0000000000000294       0xa4 Build/stm32f10x_it.o
                                        0x20a (size before relaxing)
 .debug_str     0x0000000000000338       0x47 Build/startup_stm32f10x_hd.o
                                         0x6a (size before relaxing)

.comment        0x0000000000000000       0x53
 .comment       0x0000000000000000       0x53 Build/system_stm32f10x.o
                                         0x54 (size before relaxing)
 .comment       0x0000000000000053       0x54 Build/main.o
 .comment       0x0000000000000053       0x54 Build/stm32f10x_it.o

.debug_frame    0x0000000000000000      0x12c
 .debug_frame   0x0000000000000000       0x6c Build/system_stm32f10x.o
 .debug_frame   0x000000000000006c       0x20 Build/main.o
 .debug_frame   0x000000000000008c       0xa0 Build/stm32f10x_it.o

Cross Reference Table

Symbol                                            File
ADC1_2_IRQHandler                                 Build/startup_stm32f10x_hd.o
ADC3_IRQHandler                                   Build/startup_stm32f10x_hd.o
ADC_AnalogWatchdogCmd                             Build/stm32f10x_adc.o
ADC_AnalogWatchdogSingleChannelConfig             Build/stm32f10x_adc.o
ADC_AnalogWatchdogThresholdsConfig                Build/stm32f10x_adc.o
ADC_AutoInjectedConvCmd                           Build/stm32f10x_adc.o
ADC_ClearFlag                                     Build/stm32f10x_adc.o
ADC_ClearITPendingBit                             Build/stm32f10x_adc.o
ADC_Cmd                                           Build/stm32f10x_adc.o
ADC_DMACmd                                        Build/stm32f10x_adc.o
ADC_DeInit                                        Build/stm32f10x_adc.o
ADC_DiscModeChannelCountConfig                    Build/stm32f10x_adc.o
ADC_DiscModeCmd                                   Build/stm32f10x_adc.o
ADC_ExternalTrigConvCmd                           Build/stm32f10x_adc.o
ADC_ExternalTrigInjectedConvCmd                   Build/stm32f10x_adc.o
ADC_ExternalTrigInjectedConvConfig                Build/stm32f10x_adc.o
ADC_GetCalibrationStatus                          Build/stm32f10x_adc.o
ADC_GetConversionValue                            Build/stm32f10x_adc.o
ADC_GetDualModeConversionValue                    Build/stm32f10x_adc.o
ADC_GetFlagStatus                                 Build/stm32f10x_adc.o
ADC_GetITStatus                                   Build/stm32f10x_adc.o
ADC_GetInjectedConversionValue                    Build/stm32f10x_adc.o
ADC_GetResetCalibrationStatus                     Build/stm32f10x_adc.o
ADC_GetSoftwareStartConvStatus                    Build/stm32f10x_adc.o
ADC_GetSoftwareStartInjectedConvCmdStatus         Build/stm32f10x_adc.o
ADC_ITConfig                                      Build/stm32f10x_adc.o
ADC_Init                                          Build/stm32f10x_adc.o
ADC_InjectedChannelConfig                         Build/stm32f10x_adc.o
ADC_InjectedDiscModeCmd                           Build/stm32f10x_adc.o
ADC_InjectedSequencerLengthConfig                 Build/stm32f10x_adc.o
ADC_RegularChannelConfig                          Build/stm32f10x_adc.o
ADC_ResetCalibration                              Build/stm32f10x_adc.o
ADC_SetInjectedOffset                             Build/stm32f10x_adc.o
ADC_SoftwareStartConvCmd                          Build/stm32f10x_adc.o
ADC_SoftwareStartInjectedConvCmd                  Build/stm32f10x_adc.o
ADC_StartCalibration                              Build/stm32f10x_adc.o
ADC_StructInit                                    Build/stm32f10x_adc.o
ADC_TempSensorVrefintCmd                          Build/stm32f10x_adc.o
AHBPrescTable                                     Build/system_stm32f10x.o
BKP_ClearFlag                                     Build/stm32f10x_bkp.o
BKP_ClearITPendingBit                             Build/stm32f10x_bkp.o
BKP_DeInit                                        Build/stm32f10x_bkp.o
BKP_GetFlagStatus                                 Build/stm32f10x_bkp.o
BKP_GetITStatus                                   Build/stm32f10x_bkp.o
BKP_ITConfig                                      Build/stm32f10x_bkp.o
BKP_RTCOutputConfig                               Build/stm32f10x_bkp.o
BKP_ReadBackupRegister                            Build/stm32f10x_bkp.o
BKP_SetRTCCalibrationValue                        Build/stm32f10x_bkp.o
BKP_TamperPinCmd                                  Build/stm32f10x_bkp.o
BKP_TamperPinLevelConfig                          Build/stm32f10x_bkp.o
BKP_WriteBackupRegister                           Build/stm32f10x_bkp.o
BusFault_Handler                                  Build/stm32f10x_it.o
CAN1_RX1_IRQHandler                               Build/startup_stm32f10x_hd.o
CAN1_SCE_IRQHandler                               Build/startup_stm32f10x_hd.o
CAN_CancelTransmit                                Build/stm32f10x_can.o
CAN_ClearFlag                                     Build/stm32f10x_can.o
CAN_ClearITPendingBit                             Build/stm32f10x_can.o
CAN_DBGFreeze                                     Build/stm32f10x_can.o
CAN_DeInit                                        Build/stm32f10x_can.o
CAN_FIFORelease                                   Build/stm32f10x_can.o
CAN_FilterInit                                    Build/stm32f10x_can.o
CAN_GetFlagStatus                                 Build/stm32f10x_can.o
CAN_GetITStatus                                   Build/stm32f10x_can.o
CAN_GetLSBTransmitErrorCounter                    Build/stm32f10x_can.o
CAN_GetLastErrorCode                              Build/stm32f10x_can.o
CAN_GetReceiveErrorCounter                        Build/stm32f10x_can.o
CAN_ITConfig                                      Build/stm32f10x_can.o
CAN_Init                                          Build/stm32f10x_can.o
CAN_MessagePending                                Build/stm32f10x_can.o
CAN_OperatingModeRequest                          Build/stm32f10x_can.o
CAN_Receive                                       Build/stm32f10x_can.o
CAN_SlaveStartBank                                Build/stm32f10x_can.o
CAN_Sleep                                         Build/stm32f10x_can.o
CAN_StructInit                                    Build/stm32f10x_can.o
CAN_TTComModeCmd                                  Build/stm32f10x_can.o
CAN_Transmit                                      Build/stm32f10x_can.o
CAN_TransmitStatus                                Build/stm32f10x_can.o
CAN_WakeUp                                        Build/stm32f10x_can.o
CEC_ClearFlag                                     Build/stm32f10x_cec.o
CEC_ClearITPendingBit                             Build/stm32f10x_cec.o
CEC_Cmd                                           Build/stm32f10x_cec.o
CEC_DeInit                                        Build/stm32f10x_cec.o
CEC_EndOfMessageCmd                               Build/stm32f10x_cec.o
CEC_GetFlagStatus                                 Build/stm32f10x_cec.o
CEC_GetITStatus                                   Build/stm32f10x_cec.o
CEC_ITConfig                                      Build/stm32f10x_cec.o
CEC_Init                                          Build/stm32f10x_cec.o
CEC_OwnAddressConfig                              Build/stm32f10x_cec.o
CEC_ReceiveDataByte                               Build/stm32f10x_cec.o
CEC_SendDataByte                                  Build/stm32f10x_cec.o
CEC_SetPrescaler                                  Build/stm32f10x_cec.o
CEC_StartOfMessage                                Build/stm32f10x_cec.o
CRC_CalcBlockCRC                                  Build/stm32f10x_crc.o
CRC_CalcCRC                                       Build/stm32f10x_crc.o
CRC_GetCRC                                        Build/stm32f10x_crc.o
CRC_GetIDRegister                                 Build/stm32f10x_crc.o
CRC_ResetDR                                       Build/stm32f10x_crc.o
CRC_SetIDRegister                                 Build/stm32f10x_crc.o
DAC_Cmd                                           Build/stm32f10x_dac.o
DAC_DMACmd                                        Build/stm32f10x_dac.o
DAC_DeInit                                        Build/stm32f10x_dac.o
DAC_DualSoftwareTriggerCmd                        Build/stm32f10x_dac.o
DAC_GetDataOutputValue                            Build/stm32f10x_dac.o
DAC_Init                                          Build/stm32f10x_dac.o
DAC_SetChannel1Data                               Build/stm32f10x_dac.o
DAC_SetChannel2Data                               Build/stm32f10x_dac.o
DAC_SetDualChannelData                            Build/stm32f10x_dac.o
DAC_SoftwareTriggerCmd                            Build/stm32f10x_dac.o
DAC_StructInit                                    Build/stm32f10x_dac.o
DAC_WaveGenerationCmd                             Build/stm32f10x_dac.o
DBGMCU_Config                                     Build/stm32f10x_dbgmcu.o
DBGMCU_GetDEVID                                   Build/stm32f10x_dbgmcu.o
DBGMCU_GetREVID                                   Build/stm32f10x_dbgmcu.o
DMA1_Channel1_IRQHandler                          Build/startup_stm32f10x_hd.o
DMA1_Channel2_IRQHandler                          Build/startup_stm32f10x_hd.o
DMA1_Channel3_IRQHandler                          Build/startup_stm32f10x_hd.o
DMA1_Channel4_IRQHandler                          Build/startup_stm32f10x_hd.o
DMA1_Channel5_IRQHandler                          Build/startup_stm32f10x_hd.o
DMA1_Channel6_IRQHandler                          Build/startup_stm32f10x_hd.o
DMA1_Channel7_IRQHandler                          Build/startup_stm32f10x_hd.o
DMA2_Channel1_IRQHandler                          Build/startup_stm32f10x_hd.o
DMA2_Channel2_IRQHandler                          Build/startup_stm32f10x_hd.o
DMA2_Channel3_IRQHandler                          Build/startup_stm32f10x_hd.o
DMA2_Channel4_5_IRQHandler                        Build/startup_stm32f10x_hd.o
DMA_ClearFlag                                     Build/stm32f10x_dma.o
DMA_ClearITPendingBit                             Build/stm32f10x_dma.o
DMA_Cmd                                           Build/stm32f10x_dma.o
DMA_DeInit                                        Build/stm32f10x_dma.o
DMA_GetCurrDataCounter                            Build/stm32f10x_dma.o
DMA_GetFlagStatus                                 Build/stm32f10x_dma.o
DMA_GetITStatus                                   Build/stm32f10x_dma.o
DMA_ITConfig                                      Build/stm32f10x_dma.o
DMA_Init                                          Build/stm32f10x_dma.o
DMA_SetCurrDataCounter                            Build/stm32f10x_dma.o
DMA_StructInit                                    Build/stm32f10x_dma.o
DebugMon_Handler                                  Build/stm32f10x_it.o
Default_Handler                                   Build/startup_stm32f10x_hd.o
EXTI0_IRQHandler                                  Build/startup_stm32f10x_hd.o
EXTI15_10_IRQHandler                              Build/startup_stm32f10x_hd.o
EXTI1_IRQHandler                                  Build/startup_stm32f10x_hd.o
EXTI2_IRQHandler                                  Build/startup_stm32f10x_hd.o
EXTI3_IRQHandler                                  Build/startup_stm32f10x_hd.o
EXTI4_IRQHandler                                  Build/startup_stm32f10x_hd.o
EXTI9_5_IRQHandler                                Build/startup_stm32f10x_hd.o
EXTI_ClearFlag                                    Build/stm32f10x_exti.o
EXTI_ClearITPendingBit                            Build/stm32f10x_exti.o
EXTI_DeInit                                       Build/stm32f10x_exti.o
EXTI_GenerateSWInterrupt                          Build/stm32f10x_exti.o
EXTI_GetFlagStatus                                Build/stm32f10x_exti.o
EXTI_GetITStatus                                  Build/stm32f10x_exti.o
EXTI_Init                                         Build/stm32f10x_exti.o
EXTI_StructInit                                   Build/stm32f10x_exti.o
FLASH_ClearFlag                                   Build/stm32f10x_flash.o
FLASH_EnableWriteProtection                       Build/stm32f10x_flash.o
FLASH_EraseAllBank1Pages                          Build/stm32f10x_flash.o
FLASH_EraseAllPages                               Build/stm32f10x_flash.o
FLASH_EraseOptionBytes                            Build/stm32f10x_flash.o
FLASH_ErasePage                                   Build/stm32f10x_flash.o
FLASH_GetBank1Status                              Build/stm32f10x_flash.o
FLASH_GetFlagStatus                               Build/stm32f10x_flash.o
FLASH_GetPrefetchBufferStatus                     Build/stm32f10x_flash.o
FLASH_GetReadOutProtectionStatus                  Build/stm32f10x_flash.o
FLASH_GetStatus                                   Build/stm32f10x_flash.o
FLASH_GetUserOptionByte                           Build/stm32f10x_flash.o
FLASH_GetWriteProtectionOptionByte                Build/stm32f10x_flash.o
FLASH_HalfCycleAccessCmd                          Build/stm32f10x_flash.o
FLASH_IRQHandler                                  Build/startup_stm32f10x_hd.o
FLASH_ITConfig                                    Build/stm32f10x_flash.o
FLASH_Lock                                        Build/stm32f10x_flash.o
FLASH_LockBank1                                   Build/stm32f10x_flash.o
FLASH_PrefetchBufferCmd                           Build/stm32f10x_flash.o
FLASH_ProgramHalfWord                             Build/stm32f10x_flash.o
FLASH_ProgramOptionByteData                       Build/stm32f10x_flash.o
FLASH_ProgramWord                                 Build/stm32f10x_flash.o
FLASH_ReadOutProtection                           Build/stm32f10x_flash.o
FLASH_SetLatency                                  Build/stm32f10x_flash.o
FLASH_Unlock                                      Build/stm32f10x_flash.o
FLASH_UnlockBank1                                 Build/stm32f10x_flash.o
FLASH_UserOptionByteConfig                        Build/stm32f10x_flash.o
FLASH_WaitForLastBank1Operation                   Build/stm32f10x_flash.o
FLASH_WaitForLastOperation                        Build/stm32f10x_flash.o
FSMC_ClearFlag                                    Build/stm32f10x_fsmc.o
FSMC_ClearITPendingBit                            Build/stm32f10x_fsmc.o
FSMC_GetECC                                       Build/stm32f10x_fsmc.o
FSMC_GetFlagStatus                                Build/stm32f10x_fsmc.o
FSMC_GetITStatus                                  Build/stm32f10x_fsmc.o
FSMC_IRQHandler                                   Build/startup_stm32f10x_hd.o
FSMC_ITConfig                                     Build/stm32f10x_fsmc.o
FSMC_NANDCmd                                      Build/stm32f10x_fsmc.o
FSMC_NANDDeInit                                   Build/stm32f10x_fsmc.o
FSMC_NANDECCCmd                                   Build/stm32f10x_fsmc.o
FSMC_NANDInit                                     Build/stm32f10x_fsmc.o
FSMC_NANDStructInit                               Build/stm32f10x_fsmc.o
FSMC_NORSRAMCmd                                   Build/stm32f10x_fsmc.o
FSMC_NORSRAMDeInit                                Build/stm32f10x_fsmc.o
FSMC_NORSRAMInit                                  Build/stm32f10x_fsmc.o
FSMC_NORSRAMStructInit                            Build/stm32f10x_fsmc.o
FSMC_PCCARDCmd                                    Build/stm32f10x_fsmc.o
FSMC_PCCARDDeInit                                 Build/stm32f10x_fsmc.o
FSMC_PCCARDInit                                   Build/stm32f10x_fsmc.o
FSMC_PCCARDStructInit                             Build/stm32f10x_fsmc.o
GPIO_AFIODeInit                                   Build/stm32f10x_gpio.o
GPIO_DeInit                                       Build/stm32f10x_gpio.o
GPIO_ETH_MediaInterfaceConfig                     Build/stm32f10x_gpio.o
GPIO_EXTILineConfig                               Build/stm32f10x_gpio.o
GPIO_EventOutputCmd                               Build/stm32f10x_gpio.o
GPIO_EventOutputConfig                            Build/stm32f10x_gpio.o
GPIO_Init                                         Build/stm32f10x_gpio.o
GPIO_PinLockConfig                                Build/stm32f10x_gpio.o
GPIO_PinRemapConfig                               Build/stm32f10x_gpio.o
GPIO_ReadInputData                                Build/stm32f10x_gpio.o
GPIO_ReadInputDataBit                             Build/stm32f10x_gpio.o
GPIO_ReadOutputData                               Build/stm32f10x_gpio.o
GPIO_ReadOutputDataBit                            Build/stm32f10x_gpio.o
GPIO_ResetBits                                    Build/stm32f10x_gpio.o
GPIO_SetBits                                      Build/stm32f10x_gpio.o
GPIO_StructInit                                   Build/stm32f10x_gpio.o
GPIO_Write                                        Build/stm32f10x_gpio.o
GPIO_WriteBit                                     Build/stm32f10x_gpio.o
HardFault_Handler                                 Build/stm32f10x_it.o
I2C1_ER_IRQHandler                                Build/startup_stm32f10x_hd.o
I2C1_EV_IRQHandler                                Build/startup_stm32f10x_hd.o
I2C2_ER_IRQHandler                                Build/startup_stm32f10x_hd.o
I2C2_EV_IRQHandler                                Build/startup_stm32f10x_hd.o
I2C_ARPCmd                                        Build/stm32f10x_i2c.o
I2C_AcknowledgeConfig                             Build/stm32f10x_i2c.o
I2C_CalculatePEC                                  Build/stm32f10x_i2c.o
I2C_CheckEvent                                    Build/stm32f10x_i2c.o
I2C_ClearFlag                                     Build/stm32f10x_i2c.o
I2C_ClearITPendingBit                             Build/stm32f10x_i2c.o
I2C_Cmd                                           Build/stm32f10x_i2c.o
I2C_DMACmd                                        Build/stm32f10x_i2c.o
I2C_DMALastTransferCmd                            Build/stm32f10x_i2c.o
I2C_DeInit                                        Build/stm32f10x_i2c.o
I2C_DualAddressCmd                                Build/stm32f10x_i2c.o
I2C_FastModeDutyCycleConfig                       Build/stm32f10x_i2c.o
I2C_GeneralCallCmd                                Build/stm32f10x_i2c.o
I2C_GenerateSTART                                 Build/stm32f10x_i2c.o
I2C_GenerateSTOP                                  Build/stm32f10x_i2c.o
I2C_GetFlagStatus                                 Build/stm32f10x_i2c.o
I2C_GetITStatus                                   Build/stm32f10x_i2c.o
I2C_GetLastEvent                                  Build/stm32f10x_i2c.o
I2C_GetPEC                                        Build/stm32f10x_i2c.o
I2C_ITConfig                                      Build/stm32f10x_i2c.o
I2C_Init                                          Build/stm32f10x_i2c.o
I2C_NACKPositionConfig                            Build/stm32f10x_i2c.o
I2C_OwnAddress2Config                             Build/stm32f10x_i2c.o
I2C_PECPositionConfig                             Build/stm32f10x_i2c.o
I2C_ReadRegister                                  Build/stm32f10x_i2c.o
I2C_ReceiveData                                   Build/stm32f10x_i2c.o
I2C_SMBusAlertConfig                              Build/stm32f10x_i2c.o
I2C_Send7bitAddress                               Build/stm32f10x_i2c.o
I2C_SendData                                      Build/stm32f10x_i2c.o
I2C_SoftwareResetCmd                              Build/stm32f10x_i2c.o
I2C_StretchClockCmd                               Build/stm32f10x_i2c.o
I2C_StructInit                                    Build/stm32f10x_i2c.o
I2C_TransmitPEC                                   Build/stm32f10x_i2c.o
I2S_Cmd                                           Build/stm32f10x_spi.o
I2S_Init                                          Build/stm32f10x_spi.o
I2S_StructInit                                    Build/stm32f10x_spi.o
IWDG_Enable                                       Build/stm32f10x_iwdg.o
IWDG_GetFlagStatus                                Build/stm32f10x_iwdg.o
IWDG_ReloadCounter                                Build/stm32f10x_iwdg.o
IWDG_SetPrescaler                                 Build/stm32f10x_iwdg.o
IWDG_SetReload                                    Build/stm32f10x_iwdg.o
IWDG_WriteAccessCmd                               Build/stm32f10x_iwdg.o
MemManage_Handler                                 Build/stm32f10x_it.o
NMI_Handler                                       Build/stm32f10x_it.o
NVIC_Init                                         Build/misc.o
NVIC_PriorityGroupConfig                          Build/misc.o
NVIC_SetVectorTable                               Build/misc.o
NVIC_SystemLPConfig                               Build/misc.o
PVD_IRQHandler                                    Build/startup_stm32f10x_hd.o
PWR_BackupAccessCmd                               Build/stm32f10x_pwr.o
PWR_ClearFlag                                     Build/stm32f10x_pwr.o
PWR_DeInit                                        Build/stm32f10x_pwr.o
PWR_EnterSTANDBYMode                              Build/stm32f10x_pwr.o
PWR_EnterSTOPMode                                 Build/stm32f10x_pwr.o
PWR_GetFlagStatus                                 Build/stm32f10x_pwr.o
PWR_PVDCmd                                        Build/stm32f10x_pwr.o
PWR_PVDLevelConfig                                Build/stm32f10x_pwr.o
PWR_WakeUpPinCmd                                  Build/stm32f10x_pwr.o
PendSV_Handler                                    Build/stm32f10x_it.o
RCC_ADCCLKConfig                                  Build/stm32f10x_rcc.o
RCC_AHBPeriphClockCmd                             Build/stm32f10x_rcc.o
RCC_APB1PeriphClockCmd                            Build/stm32f10x_rcc.o
RCC_APB1PeriphResetCmd                            Build/stm32f10x_rcc.o
                                                  Build/stm32f10x_dac.o
                                                  Build/stm32f10x_can.o
                                                  Build/stm32f10x_pwr.o
                                                  Build/stm32f10x_i2c.o
                                                  Build/stm32f10x_usart.o
                                                  Build/stm32f10x_tim.o
                                                  Build/stm32f10x_wwdg.o
                                                  Build/stm32f10x_cec.o
                                                  Build/stm32f10x_spi.o
RCC_APB2PeriphClockCmd                            Build/stm32f10x_rcc.o
RCC_APB2PeriphResetCmd                            Build/stm32f10x_rcc.o
                                                  Build/stm32f10x_usart.o
                                                  Build/stm32f10x_tim.o
                                                  Build/stm32f10x_adc.o
                                                  Build/stm32f10x_spi.o
                                                  Build/stm32f10x_gpio.o
RCC_AdjustHSICalibrationValue                     Build/stm32f10x_rcc.o
RCC_BackupResetCmd                                Build/stm32f10x_rcc.o
                                                  Build/stm32f10x_bkp.o
RCC_ClearFlag                                     Build/stm32f10x_rcc.o
RCC_ClearITPendingBit                             Build/stm32f10x_rcc.o
RCC_ClockSecuritySystemCmd                        Build/stm32f10x_rcc.o
RCC_DeInit                                        Build/stm32f10x_rcc.o
RCC_GetClocksFreq                                 Build/stm32f10x_rcc.o
                                                  Build/stm32f10x_i2c.o
                                                  Build/stm32f10x_usart.o
                                                  Build/stm32f10x_spi.o
RCC_GetFlagStatus                                 Build/stm32f10x_rcc.o
RCC_GetITStatus                                   Build/stm32f10x_rcc.o
RCC_GetSYSCLKSource                               Build/stm32f10x_rcc.o
RCC_HCLKConfig                                    Build/stm32f10x_rcc.o
RCC_HSEConfig                                     Build/stm32f10x_rcc.o
RCC_HSICmd                                        Build/stm32f10x_rcc.o
RCC_IRQHandler                                    Build/startup_stm32f10x_hd.o
RCC_ITConfig                                      Build/stm32f10x_rcc.o
RCC_LSEConfig                                     Build/stm32f10x_rcc.o
RCC_LSICmd                                        Build/stm32f10x_rcc.o
RCC_MCOConfig                                     Build/stm32f10x_rcc.o
RCC_PCLK1Config                                   Build/stm32f10x_rcc.o
RCC_PCLK2Config                                   Build/stm32f10x_rcc.o
RCC_PLLCmd                                        Build/stm32f10x_rcc.o
RCC_PLLConfig                                     Build/stm32f10x_rcc.o
RCC_RTCCLKCmd                                     Build/stm32f10x_rcc.o
RCC_RTCCLKConfig                                  Build/stm32f10x_rcc.o
RCC_SYSCLKConfig                                  Build/stm32f10x_rcc.o
RCC_USBCLKConfig                                  Build/stm32f10x_rcc.o
RCC_WaitForHSEStartUp                             Build/stm32f10x_rcc.o
RTCAlarm_IRQHandler                               Build/startup_stm32f10x_hd.o
RTC_ClearFlag                                     Build/stm32f10x_rtc.o
RTC_ClearITPendingBit                             Build/stm32f10x_rtc.o
RTC_EnterConfigMode                               Build/stm32f10x_rtc.o
RTC_ExitConfigMode                                Build/stm32f10x_rtc.o
RTC_GetCounter                                    Build/stm32f10x_rtc.o
RTC_GetDivider                                    Build/stm32f10x_rtc.o
RTC_GetFlagStatus                                 Build/stm32f10x_rtc.o
RTC_GetITStatus                                   Build/stm32f10x_rtc.o
RTC_IRQHandler                                    Build/startup_stm32f10x_hd.o
RTC_ITConfig                                      Build/stm32f10x_rtc.o
RTC_SetAlarm                                      Build/stm32f10x_rtc.o
RTC_SetCounter                                    Build/stm32f10x_rtc.o
RTC_SetPrescaler                                  Build/stm32f10x_rtc.o
RTC_WaitForLastTask                               Build/stm32f10x_rtc.o
RTC_WaitForSynchro                                Build/stm32f10x_rtc.o
Reset_Handler                                     Build/startup_stm32f10x_hd.o
SDIO_CEATAITCmd                                   Build/stm32f10x_sdio.o
SDIO_ClearFlag                                    Build/stm32f10x_sdio.o
SDIO_ClearITPendingBit                            Build/stm32f10x_sdio.o
SDIO_ClockCmd                                     Build/stm32f10x_sdio.o
SDIO_CmdStructInit                                Build/stm32f10x_sdio.o
SDIO_CommandCompletionCmd                         Build/stm32f10x_sdio.o
SDIO_DMACmd                                       Build/stm32f10x_sdio.o
SDIO_DataConfig                                   Build/stm32f10x_sdio.o
SDIO_DataStructInit                               Build/stm32f10x_sdio.o
SDIO_DeInit                                       Build/stm32f10x_sdio.o
SDIO_GetCommandResponse                           Build/stm32f10x_sdio.o
SDIO_GetDataCounter                               Build/stm32f10x_sdio.o
SDIO_GetFIFOCount                                 Build/stm32f10x_sdio.o
SDIO_GetFlagStatus                                Build/stm32f10x_sdio.o
SDIO_GetITStatus                                  Build/stm32f10x_sdio.o
SDIO_GetPowerState                                Build/stm32f10x_sdio.o
SDIO_GetResponse                                  Build/stm32f10x_sdio.o
SDIO_IRQHandler                                   Build/startup_stm32f10x_hd.o
SDIO_ITConfig                                     Build/stm32f10x_sdio.o
SDIO_Init                                         Build/stm32f10x_sdio.o
SDIO_ReadData                                     Build/stm32f10x_sdio.o
SDIO_SendCEATACmd                                 Build/stm32f10x_sdio.o
SDIO_SendCommand                                  Build/stm32f10x_sdio.o
SDIO_SendSDIOSuspendCmd                           Build/stm32f10x_sdio.o
SDIO_SetPowerState                                Build/stm32f10x_sdio.o
SDIO_SetSDIOOperation                             Build/stm32f10x_sdio.o
SDIO_SetSDIOReadWaitMode                          Build/stm32f10x_sdio.o
SDIO_StartSDIOReadWait                            Build/stm32f10x_sdio.o
SDIO_StopSDIOReadWait                             Build/stm32f10x_sdio.o
SDIO_StructInit                                   Build/stm32f10x_sdio.o
SDIO_WriteData                                    Build/stm32f10x_sdio.o
SPI1_IRQHandler                                   Build/startup_stm32f10x_hd.o
SPI2_IRQHandler                                   Build/startup_stm32f10x_hd.o
SPI3_IRQHandler                                   Build/startup_stm32f10x_hd.o
SPI_BiDirectionalLineConfig                       Build/stm32f10x_spi.o
SPI_CalculateCRC                                  Build/stm32f10x_spi.o
SPI_Cmd                                           Build/stm32f10x_spi.o
SPI_DataSizeConfig                                Build/stm32f10x_spi.o
SPI_GetCRC                                        Build/stm32f10x_spi.o
SPI_GetCRCPolynomial                              Build/stm32f10x_spi.o
SPI_I2S_ClearFlag                                 Build/stm32f10x_spi.o
SPI_I2S_ClearITPendingBit                         Build/stm32f10x_spi.o
SPI_I2S_DMACmd                                    Build/stm32f10x_spi.o
SPI_I2S_DeInit                                    Build/stm32f10x_spi.o
SPI_I2S_GetFlagStatus                             Build/stm32f10x_spi.o
SPI_I2S_GetITStatus                               Build/stm32f10x_spi.o
SPI_I2S_ITConfig                                  Build/stm32f10x_spi.o
SPI_I2S_ReceiveData                               Build/stm32f10x_spi.o
SPI_I2S_SendData                                  Build/stm32f10x_spi.o
SPI_Init                                          Build/stm32f10x_spi.o
SPI_NSSInternalSoftwareConfig                     Build/stm32f10x_spi.o
SPI_SSOutputCmd                                   Build/stm32f10x_spi.o
SPI_StructInit                                    Build/stm32f10x_spi.o
SPI_TransmitCRC                                   Build/stm32f10x_spi.o
SVC_Handler                                       Build/stm32f10x_it.o
SysTick_CLKSourceConfig                           Build/misc.o
SysTick_Handler                                   Build/stm32f10x_it.o
SystemCoreClock                                   Build/system_stm32f10x.o
SystemCoreClockUpdate                             Build/system_stm32f10x.o
SystemInit                                        Build/system_stm32f10x.o
                                                  Build/startup_stm32f10x_hd.o
TAMPER_IRQHandler                                 Build/startup_stm32f10x_hd.o
TIM1_BRK_IRQHandler                               Build/startup_stm32f10x_hd.o
TIM1_CC_IRQHandler                                Build/startup_stm32f10x_hd.o
TIM1_TRG_COM_IRQHandler                           Build/startup_stm32f10x_hd.o
TIM1_UP_IRQHandler                                Build/startup_stm32f10x_hd.o
TIM2_IRQHandler                                   Build/startup_stm32f10x_hd.o
TIM3_IRQHandler                                   Build/startup_stm32f10x_hd.o
TIM4_IRQHandler                                   Build/startup_stm32f10x_hd.o
TIM5_IRQHandler                                   Build/startup_stm32f10x_hd.o
TIM6_IRQHandler                                   Build/startup_stm32f10x_hd.o
TIM7_IRQHandler                                   Build/startup_stm32f10x_hd.o
TIM8_BRK_IRQHandler                               Build/startup_stm32f10x_hd.o
TIM8_CC_IRQHandler                                Build/startup_stm32f10x_hd.o
TIM8_TRG_COM_IRQHandler                           Build/startup_stm32f10x_hd.o
TIM8_UP_IRQHandler                                Build/startup_stm32f10x_hd.o
TIM_ARRPreloadConfig                              Build/stm32f10x_tim.o
TIM_BDTRConfig                                    Build/stm32f10x_tim.o
TIM_BDTRStructInit                                Build/stm32f10x_tim.o
TIM_CCPreloadControl                              Build/stm32f10x_tim.o
TIM_CCxCmd                                        Build/stm32f10x_tim.o
TIM_CCxNCmd                                       Build/stm32f10x_tim.o
TIM_ClearFlag                                     Build/stm32f10x_tim.o
TIM_ClearITPendingBit                             Build/stm32f10x_tim.o
TIM_ClearOC1Ref                                   Build/stm32f10x_tim.o
TIM_ClearOC2Ref                                   Build/stm32f10x_tim.o
TIM_ClearOC3Ref                                   Build/stm32f10x_tim.o
TIM_ClearOC4Ref                                   Build/stm32f10x_tim.o
TIM_Cmd                                           Build/stm32f10x_tim.o
TIM_CounterModeConfig                             Build/stm32f10x_tim.o
TIM_CtrlPWMOutputs                                Build/stm32f10x_tim.o
TIM_DMACmd                                        Build/stm32f10x_tim.o
TIM_DMAConfig                                     Build/stm32f10x_tim.o
TIM_DeInit                                        Build/stm32f10x_tim.o
TIM_ETRClockMode1Config                           Build/stm32f10x_tim.o
TIM_ETRClockMode2Config                           Build/stm32f10x_tim.o
TIM_ETRConfig                                     Build/stm32f10x_tim.o
TIM_EncoderInterfaceConfig                        Build/stm32f10x_tim.o
TIM_ForcedOC1Config                               Build/stm32f10x_tim.o
TIM_ForcedOC2Config                               Build/stm32f10x_tim.o
TIM_ForcedOC3Config                               Build/stm32f10x_tim.o
TIM_ForcedOC4Config                               Build/stm32f10x_tim.o
TIM_GenerateEvent                                 Build/stm32f10x_tim.o
TIM_GetCapture1                                   Build/stm32f10x_tim.o
TIM_GetCapture2                                   Build/stm32f10x_tim.o
TIM_GetCapture3                                   Build/stm32f10x_tim.o
TIM_GetCapture4                                   Build/stm32f10x_tim.o
TIM_GetCounter                                    Build/stm32f10x_tim.o
TIM_GetFlagStatus                                 Build/stm32f10x_tim.o
TIM_GetITStatus                                   Build/stm32f10x_tim.o
TIM_GetPrescaler                                  Build/stm32f10x_tim.o
TIM_ICInit                                        Build/stm32f10x_tim.o
TIM_ICStructInit                                  Build/stm32f10x_tim.o
TIM_ITConfig                                      Build/stm32f10x_tim.o
TIM_ITRxExternalClockConfig                       Build/stm32f10x_tim.o
TIM_InternalClockConfig                           Build/stm32f10x_tim.o
TIM_OC1FastConfig                                 Build/stm32f10x_tim.o
TIM_OC1Init                                       Build/stm32f10x_tim.o
TIM_OC1NPolarityConfig                            Build/stm32f10x_tim.o
TIM_OC1PolarityConfig                             Build/stm32f10x_tim.o
TIM_OC1PreloadConfig                              Build/stm32f10x_tim.o
TIM_OC2FastConfig                                 Build/stm32f10x_tim.o
TIM_OC2Init                                       Build/stm32f10x_tim.o
TIM_OC2NPolarityConfig                            Build/stm32f10x_tim.o
TIM_OC2PolarityConfig                             Build/stm32f10x_tim.o
TIM_OC2PreloadConfig                              Build/stm32f10x_tim.o
TIM_OC3FastConfig                                 Build/stm32f10x_tim.o
TIM_OC3Init                                       Build/stm32f10x_tim.o
TIM_OC3NPolarityConfig                            Build/stm32f10x_tim.o
TIM_OC3PolarityConfig                             Build/stm32f10x_tim.o
TIM_OC3PreloadConfig                              Build/stm32f10x_tim.o
TIM_OC4FastConfig                                 Build/stm32f10x_tim.o
TIM_OC4Init                                       Build/stm32f10x_tim.o
TIM_OC4PolarityConfig                             Build/stm32f10x_tim.o
TIM_OC4PreloadConfig                              Build/stm32f10x_tim.o
TIM_OCStructInit                                  Build/stm32f10x_tim.o
TIM_PWMIConfig                                    Build/stm32f10x_tim.o
TIM_PrescalerConfig                               Build/stm32f10x_tim.o
TIM_SelectCCDMA                                   Build/stm32f10x_tim.o
TIM_SelectCOM                                     Build/stm32f10x_tim.o
TIM_SelectHallSensor                              Build/stm32f10x_tim.o
TIM_SelectInputTrigger                            Build/stm32f10x_tim.o
TIM_SelectMasterSlaveMode                         Build/stm32f10x_tim.o
TIM_SelectOCxM                                    Build/stm32f10x_tim.o
TIM_SelectOnePulseMode                            Build/stm32f10x_tim.o
TIM_SelectOutputTrigger                           Build/stm32f10x_tim.o
TIM_SelectSlaveMode                               Build/stm32f10x_tim.o
TIM_SetAutoreload                                 Build/stm32f10x_tim.o
TIM_SetClockDivision                              Build/stm32f10x_tim.o
TIM_SetCompare1                                   Build/stm32f10x_tim.o
TIM_SetCompare2                                   Build/stm32f10x_tim.o
TIM_SetCompare3                                   Build/stm32f10x_tim.o
TIM_SetCompare4                                   Build/stm32f10x_tim.o
TIM_SetCounter                                    Build/stm32f10x_tim.o
TIM_SetIC1Prescaler                               Build/stm32f10x_tim.o
TIM_SetIC2Prescaler                               Build/stm32f10x_tim.o
TIM_SetIC3Prescaler                               Build/stm32f10x_tim.o
TIM_SetIC4Prescaler                               Build/stm32f10x_tim.o
TIM_TIxExternalClockConfig                        Build/stm32f10x_tim.o
TIM_TimeBaseInit                                  Build/stm32f10x_tim.o
TIM_TimeBaseStructInit                            Build/stm32f10x_tim.o
TIM_UpdateDisableConfig                           Build/stm32f10x_tim.o
TIM_UpdateRequestConfig                           Build/stm32f10x_tim.o
UART4_IRQHandler                                  Build/startup_stm32f10x_hd.o
UART5_IRQHandler                                  Build/startup_stm32f10x_hd.o
USART1_IRQHandler                                 Build/startup_stm32f10x_hd.o
USART2_IRQHandler                                 Build/startup_stm32f10x_hd.o
USART3_IRQHandler                                 Build/startup_stm32f10x_hd.o
USART_ClearFlag                                   Build/stm32f10x_usart.o
USART_ClearITPendingBit                           Build/stm32f10x_usart.o
USART_ClockInit                                   Build/stm32f10x_usart.o
USART_ClockStructInit                             Build/stm32f10x_usart.o
USART_Cmd                                         Build/stm32f10x_usart.o
USART_DMACmd                                      Build/stm32f10x_usart.o
USART_DeInit                                      Build/stm32f10x_usart.o
USART_GetFlagStatus                               Build/stm32f10x_usart.o
USART_GetITStatus                                 Build/stm32f10x_usart.o
USART_HalfDuplexCmd                               Build/stm32f10x_usart.o
USART_ITConfig                                    Build/stm32f10x_usart.o
USART_Init                                        Build/stm32f10x_usart.o
USART_IrDACmd                                     Build/stm32f10x_usart.o
USART_IrDAConfig                                  Build/stm32f10x_usart.o
USART_LINBreakDetectLengthConfig                  Build/stm32f10x_usart.o
USART_LINCmd                                      Build/stm32f10x_usart.o
USART_OneBitMethodCmd                             Build/stm32f10x_usart.o
USART_OverSampling8Cmd                            Build/stm32f10x_usart.o
USART_ReceiveData                                 Build/stm32f10x_usart.o
USART_ReceiverWakeUpCmd                           Build/stm32f10x_usart.o
USART_SendBreak                                   Build/stm32f10x_usart.o
USART_SendData                                    Build/stm32f10x_usart.o
USART_SetAddress                                  Build/stm32f10x_usart.o
USART_SetGuardTime                                Build/stm32f10x_usart.o
USART_SetPrescaler                                Build/stm32f10x_usart.o
USART_SmartCardCmd                                Build/stm32f10x_usart.o
USART_SmartCardNACKCmd                            Build/stm32f10x_usart.o
USART_StructInit                                  Build/stm32f10x_usart.o
USART_WakeUpConfig                                Build/stm32f10x_usart.o
USBWakeUp_IRQHandler                              Build/startup_stm32f10x_hd.o
USB_HP_CAN1_TX_IRQHandler                         Build/startup_stm32f10x_hd.o
USB_LP_CAN1_RX0_IRQHandler                        Build/startup_stm32f10x_hd.o
UsageFault_Handler                                Build/stm32f10x_it.o
WWDG_ClearFlag                                    Build/stm32f10x_wwdg.o
WWDG_DeInit                                       Build/stm32f10x_wwdg.o
WWDG_Enable                                       Build/stm32f10x_wwdg.o
WWDG_EnableIT                                     Build/stm32f10x_wwdg.o
WWDG_GetFlagStatus                                Build/stm32f10x_wwdg.o
WWDG_IRQHandler                                   Build/startup_stm32f10x_hd.o
WWDG_SetCounter                                   Build/stm32f10x_wwdg.o
WWDG_SetPrescaler                                 Build/stm32f10x_wwdg.o
WWDG_SetWindowValue                               Build/stm32f10x_wwdg.o
__LDREXB                                          Build/core_cm3.o
__LDREXH                                          Build/core_cm3.o
__LDREXW                                          Build/core_cm3.o
__RBIT                                            Build/core_cm3.o
__REV                                             Build/core_cm3.o
__REV16                                           Build/core_cm3.o
__REVSH                                           Build/core_cm3.o
__STREXB                                          Build/core_cm3.o
__STREXH                                          Build/core_cm3.o
__STREXW                                          Build/core_cm3.o
__bss_end__                                       c:/st/stm32cubeide_1.6.0/stm32cubeide/plugins/com.st.stm32cube.ide.mcu.externaltools.gnu-tools-for-stm32.9-2020-q2-update.win32_1.5.0.202011040924/tools/bin/../lib/gcc/arm-none-eabi/9.3.1/../../../../arm-none-eabi/lib/thumb/v7-m/nofp/crt0.o
__bss_start__                                     c:/st/stm32cubeide_1.6.0/stm32cubeide/plugins/com.st.stm32cube.ide.mcu.externaltools.gnu-tools-for-stm32.9-2020-q2-update.win32_1.5.0.202011040924/tools/bin/../lib/gcc/arm-none-eabi/9.3.1/../../../../arm-none-eabi/lib/thumb/v7-m/nofp/crt0.o
__call_exitprocs                                  c:/st/stm32cubeide_1.6.0/stm32cubeide/plugins/com.st.stm32cube.ide.mcu.externaltools.gnu-tools-for-stm32.9-2020-q2-update.win32_1.5.0.202011040924/tools/bin/../lib/gcc/arm-none-eabi/9.3.1/../../../../arm-none-eabi/lib/thumb/v7-m/nofp\libc_nano.a(lib_a-exit.o)
__deregister_frame_info                           c:/st/stm32cubeide_1.6.0/stm32cubeide/plugins/com.st.stm32cube.ide.mcu.externaltools.gnu-tools-for-stm32.9-2020-q2-update.win32_1.5.0.202011040924/tools/bin/../lib/gcc/arm-none-eabi/9.3.1/thumb/v7-m/nofp/crtbegin.o
__dso_handle                                      c:/st/stm32cubeide_1.6.0/stm32cubeide/plugins/com.st.stm32cube.ide.mcu.externaltools.gnu-tools-for-stm32.9-2020-q2-update.win32_1.5.0.202011040924/tools/bin/../lib/gcc/arm-none-eabi/9.3.1/thumb/v7-m/nofp/crtbegin.o
__get_BASEPRI                                     Build/core_cm3.o
__get_CONTROL                                     Build/core_cm3.o
__get_FAULTMASK                                   Build/core_cm3.o
__get_MSP                                         Build/core_cm3.o
__get_PRIMASK                                     Build/core_cm3.o
__get_PSP                                         Build/core_cm3.o
__init_array_end                                  c:/st/stm32cubeide_1.6.0/stm32cubeide/plugins/com.st.stm32cube.ide.mcu.externaltools.gnu-tools-for-stm32.9-2020-q2-update.win32_1.5.0.202011040924/tools/bin/../lib/gcc/arm-none-eabi/9.3.1/../../../../arm-none-eabi/lib/thumb/v7-m/nofp\libc_nano.a(lib_a-init.o)
__init_array_start                                c:/st/stm32cubeide_1.6.0/stm32cubeide/plugins/com.st.stm32cube.ide.mcu.externaltools.gnu-tools-for-stm32.9-2020-q2-update.win32_1.5.0.202011040924/tools/bin/../lib/gcc/arm-none-eabi/9.3.1/../../../../arm-none-eabi/lib/thumb/v7-m/nofp\libc_nano.a(lib_a-init.o)
__libc_fini_array                                 c:/st/stm32cubeide_1.6.0/stm32cubeide/plugins/com.st.stm32cube.ide.mcu.externaltools.gnu-tools-for-stm32.9-2020-q2-update.win32_1.5.0.202011040924/tools/bin/../lib/gcc/arm-none-eabi/9.3.1/../../../../arm-none-eabi/lib/thumb/v7-m/nofp/crt0.o
__libc_init_array                                 c:/st/stm32cubeide_1.6.0/stm32cubeide/plugins/com.st.stm32cube.ide.mcu.externaltools.gnu-tools-for-stm32.9-2020-q2-update.win32_1.5.0.202011040924/tools/bin/../lib/gcc/arm-none-eabi/9.3.1/../../../../arm-none-eabi/lib/thumb/v7-m/nofp\libc_nano.a(lib_a-init.o)
                                                  c:/st/stm32cubeide_1.6.0/stm32cubeide/plugins/com.st.stm32cube.ide.mcu.externaltools.gnu-tools-for-stm32.9-2020-q2-update.win32_1.5.0.202011040924/tools/bin/../lib/gcc/arm-none-eabi/9.3.1/../../../../arm-none-eabi/lib/thumb/v7-m/nofp/crt0.o
__preinit_array_end                               c:/st/stm32cubeide_1.6.0/stm32cubeide/plugins/com.st.stm32cube.ide.mcu.externaltools.gnu-tools-for-stm32.9-2020-q2-update.win32_1.5.0.202011040924/tools/bin/../lib/gcc/arm-none-eabi/9.3.1/../../../../arm-none-eabi/lib/thumb/v7-m/nofp\libc_nano.a(lib_a-init.o)
__preinit_array_start                             c:/st/stm32cubeide_1.6.0/stm32cubeide/plugins/com.st.stm32cube.ide.mcu.externaltools.gnu-tools-for-stm32.9-2020-q2-update.win32_1.5.0.202011040924/tools/bin/../lib/gcc/arm-none-eabi/9.3.1/../../../../arm-none-eabi/lib/thumb/v7-m/nofp\libc_nano.a(lib_a-init.o)
__register_frame_info                             c:/st/stm32cubeide_1.6.0/stm32cubeide/plugins/com.st.stm32cube.ide.mcu.externaltools.gnu-tools-for-stm32.9-2020-q2-update.win32_1.5.0.202011040924/tools/bin/../lib/gcc/arm-none-eabi/9.3.1/thumb/v7-m/nofp/crtbegin.o
__set_BASEPRI                                     Build/core_cm3.o
__set_CONTROL                                     Build/core_cm3.o
__set_FAULTMASK                                   Build/core_cm3.o
__set_MSP                                         Build/core_cm3.o
__set_PRIMASK                                     Build/core_cm3.o
__set_PSP                                         Build/core_cm3.o
__sf_fake_stderr                                  c:/st/stm32cubeide_1.6.0/stm32cubeide/plugins/com.st.stm32cube.ide.mcu.externaltools.gnu-tools-for-stm32.9-2020-q2-update.win32_1.5.0.202011040924/tools/bin/../lib/gcc/arm-none-eabi/9.3.1/../../../../arm-none-eabi/lib/thumb/v7-m/nofp\libc_nano.a(lib_a-impure.o)
__sf_fake_stdin                                   c:/st/stm32cubeide_1.6.0/stm32cubeide/plugins/com.st.stm32cube.ide.mcu.externaltools.gnu-tools-for-stm32.9-2020-q2-update.win32_1.5.0.202011040924/tools/bin/../lib/gcc/arm-none-eabi/9.3.1/../../../../arm-none-eabi/lib/thumb/v7-m/nofp\libc_nano.a(lib_a-impure.o)
__sf_fake_stdout                                  c:/st/stm32cubeide_1.6.0/stm32cubeide/plugins/com.st.stm32cube.ide.mcu.externaltools.gnu-tools-for-stm32.9-2020-q2-update.win32_1.5.0.202011040924/tools/bin/../lib/gcc/arm-none-eabi/9.3.1/../../../../arm-none-eabi/lib/thumb/v7-m/nofp\libc_nano.a(lib_a-impure.o)
__stack                                           c:/st/stm32cubeide_1.6.0/stm32cubeide/plugins/com.st.stm32cube.ide.mcu.externaltools.gnu-tools-for-stm32.9-2020-q2-update.win32_1.5.0.202011040924/tools/bin/../lib/gcc/arm-none-eabi/9.3.1/../../../../arm-none-eabi/lib/thumb/v7-m/nofp/crt0.o
_ebss                                             Build/startup_stm32f10x_hd.o
_edata                                            Build/startup_stm32f10x_hd.o
_estack                                           Build/startup_stm32f10x_hd.o
_exit                                             c:/st/stm32cubeide_1.6.0/stm32cubeide/plugins/com.st.stm32cube.ide.mcu.externaltools.gnu-tools-for-stm32.9-2020-q2-update.win32_1.5.0.202011040924/tools/bin/../lib/gcc/arm-none-eabi/9.3.1/../../../../arm-none-eabi/lib/thumb/v7-m/nofp\libnosys.a(_exit.o)
                                                  c:/st/stm32cubeide_1.6.0/stm32cubeide/plugins/com.st.stm32cube.ide.mcu.externaltools.gnu-tools-for-stm32.9-2020-q2-update.win32_1.5.0.202011040924/tools/bin/../lib/gcc/arm-none-eabi/9.3.1/../../../../arm-none-eabi/lib/thumb/v7-m/nofp\libc_nano.a(lib_a-exit.o)
_fini                                             c:/st/stm32cubeide_1.6.0/stm32cubeide/plugins/com.st.stm32cube.ide.mcu.externaltools.gnu-tools-for-stm32.9-2020-q2-update.win32_1.5.0.202011040924/tools/bin/../lib/gcc/arm-none-eabi/9.3.1/thumb/v7-m/nofp/crti.o
_global_impure_ptr                                c:/st/stm32cubeide_1.6.0/stm32cubeide/plugins/com.st.stm32cube.ide.mcu.externaltools.gnu-tools-for-stm32.9-2020-q2-update.win32_1.5.0.202011040924/tools/bin/../lib/gcc/arm-none-eabi/9.3.1/../../../../arm-none-eabi/lib/thumb/v7-m/nofp\libc_nano.a(lib_a-impure.o)
                                                  c:/st/stm32cubeide_1.6.0/stm32cubeide/plugins/com.st.stm32cube.ide.mcu.externaltools.gnu-tools-for-stm32.9-2020-q2-update.win32_1.5.0.202011040924/tools/bin/../lib/gcc/arm-none-eabi/9.3.1/../../../../arm-none-eabi/lib/thumb/v7-m/nofp\libc_nano.a(lib_a-exit.o)
_impure_ptr                                       c:/st/stm32cubeide_1.6.0/stm32cubeide/plugins/com.st.stm32cube.ide.mcu.externaltools.gnu-tools-for-stm32.9-2020-q2-update.win32_1.5.0.202011040924/tools/bin/../lib/gcc/arm-none-eabi/9.3.1/../../../../arm-none-eabi/lib/thumb/v7-m/nofp\libc_nano.a(lib_a-impure.o)
_init                                             c:/st/stm32cubeide_1.6.0/stm32cubeide/plugins/com.st.stm32cube.ide.mcu.externaltools.gnu-tools-for-stm32.9-2020-q2-update.win32_1.5.0.202011040924/tools/bin/../lib/gcc/arm-none-eabi/9.3.1/thumb/v7-m/nofp/crti.o
                                                  c:/st/stm32cubeide_1.6.0/stm32cubeide/plugins/com.st.stm32cube.ide.mcu.externaltools.gnu-tools-for-stm32.9-2020-q2-update.win32_1.5.0.202011040924/tools/bin/../lib/gcc/arm-none-eabi/9.3.1/../../../../arm-none-eabi/lib/thumb/v7-m/nofp\libc_nano.a(lib_a-init.o)
_mainCRTStartup                                   c:/st/stm32cubeide_1.6.0/stm32cubeide/plugins/com.st.stm32cube.ide.mcu.externaltools.gnu-tools-for-stm32.9-2020-q2-update.win32_1.5.0.202011040924/tools/bin/../lib/gcc/arm-none-eabi/9.3.1/../../../../arm-none-eabi/lib/thumb/v7-m/nofp/crt0.o
_sbss                                             Build/startup_stm32f10x_hd.o
_sdata                                            Build/startup_stm32f10x_hd.o
_sidata                                           Build/startup_stm32f10x_hd.o
_stack_init                                       c:/st/stm32cubeide_1.6.0/stm32cubeide/plugins/com.st.stm32cube.ide.mcu.externaltools.gnu-tools-for-stm32.9-2020-q2-update.win32_1.5.0.202011040924/tools/bin/../lib/gcc/arm-none-eabi/9.3.1/../../../../arm-none-eabi/lib/thumb/v7-m/nofp/crt0.o
_start                                            c:/st/stm32cubeide_1.6.0/stm32cubeide/plugins/com.st.stm32cube.ide.mcu.externaltools.gnu-tools-for-stm32.9-2020-q2-update.win32_1.5.0.202011040924/tools/bin/../lib/gcc/arm-none-eabi/9.3.1/../../../../arm-none-eabi/lib/thumb/v7-m/nofp/crt0.o
atexit                                            c:/st/stm32cubeide_1.6.0/stm32cubeide/plugins/com.st.stm32cube.ide.mcu.externaltools.gnu-tools-for-stm32.9-2020-q2-update.win32_1.5.0.202011040924/tools/bin/../lib/gcc/arm-none-eabi/9.3.1/../../../../arm-none-eabi/lib/thumb/v7-m/nofp/crt0.o
exit                                              c:/st/stm32cubeide_1.6.0/stm32cubeide/plugins/com.st.stm32cube.ide.mcu.externaltools.gnu-tools-for-stm32.9-2020-q2-update.win32_1.5.0.202011040924/tools/bin/../lib/gcc/arm-none-eabi/9.3.1/../../../../arm-none-eabi/lib/thumb/v7-m/nofp\libc_nano.a(lib_a-exit.o)
                                                  c:/st/stm32cubeide_1.6.0/stm32cubeide/plugins/com.st.stm32cube.ide.mcu.externaltools.gnu-tools-for-stm32.9-2020-q2-update.win32_1.5.0.202011040924/tools/bin/../lib/gcc/arm-none-eabi/9.3.1/../../../../arm-none-eabi/lib/thumb/v7-m/nofp/crt0.o
g_pfnVectors                                      Build/startup_stm32f10x_hd.o
hardware_init_hook                                c:/st/stm32cubeide_1.6.0/stm32cubeide/plugins/com.st.stm32cube.ide.mcu.externaltools.gnu-tools-for-stm32.9-2020-q2-update.win32_1.5.0.202011040924/tools/bin/../lib/gcc/arm-none-eabi/9.3.1/../../../../arm-none-eabi/lib/thumb/v7-m/nofp/crt0.o
main                                              Build/main.o
                                                  Build/startup_stm32f10x_hd.o
                                                  c:/st/stm32cubeide_1.6.0/stm32cubeide/plugins/com.st.stm32cube.ide.mcu.externaltools.gnu-tools-for-stm32.9-2020-q2-update.win32_1.5.0.202011040924/tools/bin/../lib/gcc/arm-none-eabi/9.3.1/../../../../arm-none-eabi/lib/thumb/v7-m/nofp/crt0.o
memset                                            c:/st/stm32cubeide_1.6.0/stm32cubeide/plugins/com.st.stm32cube.ide.mcu.externaltools.gnu-tools-for-stm32.9-2020-q2-update.win32_1.5.0.202011040924/tools/bin/../lib/gcc/arm-none-eabi/9.3.1/../../../../arm-none-eabi/lib/thumb/v7-m/nofp\libc_nano.a(lib_a-memset.o)
                                                  c:/st/stm32cubeide_1.6.0/stm32cubeide/plugins/com.st.stm32cube.ide.mcu.externaltools.gnu-tools-for-stm32.9-2020-q2-update.win32_1.5.0.202011040924/tools/bin/../lib/gcc/arm-none-eabi/9.3.1/../../../../arm-none-eabi/lib/thumb/v7-m/nofp/crt0.o
software_init_hook                                c:/st/stm32cubeide_1.6.0/stm32cubeide/plugins/com.st.stm32cube.ide.mcu.externaltools.gnu-tools-for-stm32.9-2020-q2-update.win32_1.5.0.202011040924/tools/bin/../lib/gcc/arm-none-eabi/9.3.1/../../../../arm-none-eabi/lib/thumb/v7-m/nofp/crt0.o
